<html>
<head>
<meta http-equiv="Content-Type" content="text/html;charset=ISO-8859-1"/>
<title>Error 403 No valid crumb was included in the request</title>
</head>
<body><h2>HTTP ERROR 403 No valid crumb was included in the request</h2>
<table>
<tr><th>URI:</th><td>/api/auth/register</td></tr>
<tr><th>STATUS:</th><td>403</td></tr>
<tr><th>MESSAGE:</th><td>No valid crumb was included in the request</td></tr>
<tr><th>SERVLET:</th><td>Stapler</td></tr>
</table>
<hr/><a href="https://jetty.org/">Powered by Jetty:// 12.0.25</a><hr/>

</body>
</html>
